[2026-01-21 19:02:05] [INFO] [VideoGen] 日志文件: D:\workspace\video_format_demo\logs\video_gen_20260121_190205.log
[2026-01-21 19:02:05] [INFO] [VideoGen] ==================================================
[2026-01-21 19:02:05] [INFO] [VideoGen] 视频生成工具启动
[2026-01-21 19:02:05] [INFO] [VideoGen] ==================================================
[2026-01-21 19:02:05] [DEBUG] [VideoGen] CLI 参数: {'theme': None, 'style': '????', 'image_style': '电影级写实，柔和补光，富有层次感的调色', 'negative_prompt': 'low quality, blurry, distorted anatomy, watermark', 'scene_count': 8, 'aspect_ratio': '16:9', 'voice_id': None, 'voice_speed': None, 'auto_confirm': False, 'auto_images': False, 'project_id': 9, 'test': False, 'test_duration': 10.0}
[2026-01-21 19:02:05] [INFO] [VideoGen] 渲染现有项目 #9
[2026-01-21 19:02:05] [INFO] [VideoGen] 开始渲染项目 #9 (test_mode=False, test_duration=10.0s)
[2026-01-21 19:02:05] [INFO] [VideoGen] 项目分镜数量: 8
[2026-01-21 19:02:05] [INFO] [VideoGen] 开始合成语音（TTS）...，共 8 个分镜
[2026-01-21 19:02:05] [INFO] [VideoGen] 正在生成分镜 #1 (index=1) 的语音: 凌晨五点，城市还没完全醒来。...
[2026-01-21 19:02:07] [INFO] [VideoGen] 分镜 #1 音频生成完成: assets\audio\generated\project_9_shot_1.mp3
[2026-01-21 19:02:07] [INFO] [VideoGen] 正在生成分镜 #2 (index=2) 的语音: 但总有人，已经点亮了第一盏灯。...
[2026-01-21 19:02:09] [INFO] [VideoGen] 分镜 #2 音频生成完成: assets\audio\generated\project_9_shot_2.mp3
[2026-01-21 19:02:09] [INFO] [VideoGen] 正在生成分镜 #3 (index=3) 的语音: 街角的便利店，是这座城市永不熄灭的灯塔。...
[2026-01-21 19:02:11] [INFO] [VideoGen] 分镜 #3 音频生成完成: assets\audio\generated\project_9_shot_3.mp3
[2026-01-21 19:02:11] [INFO] [VideoGen] 正在生成分镜 #4 (index=4) 的语音: 环卫工人扫过路面，沙沙声是清晨最早的节奏。...
[2026-01-21 19:02:13] [INFO] [VideoGen] 分镜 #4 音频生成完成: assets\audio\generated\project_9_shot_4.mp3
[2026-01-21 19:02:13] [INFO] [VideoGen] 正在生成分镜 #5 (index=5) 的语音: 公交司机搓了搓手，准备开始第一班车的循环。...
[2026-01-21 19:02:15] [INFO] [VideoGen] 分镜 #5 音频生成完成: assets\audio\generated\project_9_shot_5.mp3
[2026-01-21 19:02:15] [INFO] [VideoGen] 正在生成分镜 #6 (index=6) 的语音: 早餐摊的热气，模糊了早起行人的脸，却清晰了城市的温度。...
[2026-01-21 19:02:17] [INFO] [VideoGen] 分镜 #6 音频生成完成: assets\audio\generated\project_9_shot_6.mp3
[2026-01-21 19:02:17] [INFO] [VideoGen] 正在生成分镜 #7 (index=7) 的语音: 你看，每一扇亮着的窗后，都是一个正在努力生活的故事。...
[2026-01-21 19:02:19] [INFO] [VideoGen] 分镜 #7 音频生成完成: assets\audio\generated\project_9_shot_7.mp3
[2026-01-21 19:02:19] [INFO] [VideoGen] 正在生成分镜 #8 (index=8) 的语音: 天快亮了，这些微光会慢慢融进晨光里。但你知道，明天，它们依旧...
[2026-01-21 19:02:21] [INFO] [VideoGen] 分镜 #8 音频生成完成: assets\audio\generated\project_9_shot_8.mp3
[2026-01-21 19:02:21] [INFO] [VideoGen] 所有语音合成完成
[2026-01-21 19:02:21] [INFO] [VideoGen] 分辨率: (1920, 1080)
[2026-01-21 19:02:21] [INFO] [VideoGen] 开始创建视频: outputs\project_9.mp4
[2026-01-21 19:02:21] [INFO] [VideoGen] 参数: fps=24, resolution=(1920, 1080), test_mode=False, test_duration=10.0
[2026-01-21 19:02:21] [DEBUG] [VideoGen] 脚本数量: 8, 图片数量: 8, 音频数量: 8
[2026-01-21 19:02:21] [INFO] [VideoGen] 从音频文件获取场景时长...
[2026-01-21 19:02:22] [INFO] [VideoGen] 场景时长: [3.42, 3.42, 4.5, 5.29, 4.75, 5.76, 5.44, 8.75]
[2026-01-21 19:02:23] [INFO] [VideoGen] 创建了 8 个视频片段
[2026-01-21 19:02:24] [INFO] [VideoGen] 拼接音频片段...
[2026-01-21 19:02:25] [INFO] [VideoGen] 添加背景音乐...
[2026-01-21 19:02:25] [INFO] [VideoGen] 背景音乐添加成功
[2026-01-21 19:02:25] [INFO] [VideoGen] 开始写入视频文件: outputs\project_9.mp4
[2026-01-21 19:02:25] [INFO] [VideoGen] 视频总时长: 40.83 秒
[2026-01-21 19:05:55] [INFO] [VideoGen] 视频写入完成: outputs\project_9.mp4
[2026-01-21 19:05:55] [INFO] [VideoGen] 项目 #9 渲染完成!
[2026-01-21 19:05:55] [INFO] [VideoGen] 项目 #9 渲染完成 -> outputs\project_9.mp4
