[2026-01-21 19:25:53] [INFO] [VideoGen] 日志文件: D:\workspace\video_format_demo\logs\video_gen_20260121_192553.log
[2026-01-21 19:25:53] [INFO] [VideoGen] ==================================================
[2026-01-21 19:25:53] [INFO] [VideoGen] 视频生成工具启动
[2026-01-21 19:25:53] [INFO] [VideoGen] ==================================================
[2026-01-21 19:25:53] [DEBUG] [VideoGen] CLI 参数: {'theme': '越努力越焦虑', 'style': '励志', 'image_style': '电影级写实', 'negative_prompt': 'low quality, blurry, distorted anatomy, watermark', 'scene_count': 8, 'aspect_ratio': '16:9', 'voice_id': None, 'voice_speed': None, 'auto_confirm': True, 'auto_images': True, 'project_id': None, 'test': False, 'test_duration': 10.0}
[2026-01-21 19:25:53] [INFO] [VideoGen] 创建新项目: theme=越努力越焦虑, scene_count=8
[2026-01-21 19:26:24] [INFO] [VideoGen] 项目 #11 创建成功
[2026-01-21 19:26:24] [INFO] [VideoGen] 使用 ComfyUI 为所有分镜生成图片...
[2026-01-21 19:27:54] [INFO] [VideoGen] 图片生成完成
[2026-01-21 19:27:54] [INFO] [VideoGen] 检查并生成缺失的分镜图片...
[2026-01-21 19:27:54] [INFO] [VideoGen] 开始渲染项目 #11
[2026-01-21 19:27:54] [INFO] [VideoGen] 开始渲染项目 #11 (test_mode=False, test_duration=10.0s)
[2026-01-21 19:27:54] [INFO] [VideoGen] 项目分镜数量: 8
[2026-01-21 19:27:54] [INFO] [VideoGen] 开始合成语音（TTS）...，共 8 个分镜
[2026-01-21 19:27:54] [INFO] [VideoGen] 正在生成分镜 #1 (index=1) 的语音: 凌晨两点，城市睡了，我的屏幕还亮着。...
[2026-01-21 19:27:56] [INFO] [VideoGen] 分镜 #1 音频生成完成: assets\audio\generated\project_11_shot_1.mp3
[2026-01-21 19:27:56] [INFO] [VideoGen] 正在生成分镜 #2 (index=2) 的语音: 我翻着手机，看到别人又达成了新目标，而我还在原地。...
[2026-01-21 19:27:58] [INFO] [VideoGen] 分镜 #2 音频生成完成: assets\audio\generated\project_11_shot_2.mp3
[2026-01-21 19:27:58] [INFO] [VideoGen] 正在生成分镜 #3 (index=3) 的语音: 于是，我把日程表塞得更满，以为跑得快，就能甩掉那种不安。...
[2026-01-21 19:28:00] [INFO] [VideoGen] 分镜 #3 音频生成完成: assets\audio\generated\project_11_shot_3.mp3
[2026-01-21 19:28:00] [INFO] [VideoGen] 正在生成分镜 #4 (index=4) 的语音: 但焦虑像个影子，我越快，它追得越紧。...
[2026-01-21 19:28:01] [INFO] [VideoGen] 分镜 #4 音频生成完成: assets\audio\generated\project_11_shot_4.mp3
[2026-01-21 19:28:01] [INFO] [VideoGen] 正在生成分镜 #5 (index=5) 的语音: 直到有一天，我累得停下，才发现一直在和别人赛跑。...
[2026-01-21 19:28:03] [INFO] [VideoGen] 分镜 #5 音频生成完成: assets\audio\generated\project_11_shot_5.mp3
[2026-01-21 19:28:03] [INFO] [VideoGen] 正在生成分镜 #6 (index=6) 的语音: 我忘了问自己，到底想去哪里。...
[2026-01-21 19:28:05] [INFO] [VideoGen] 分镜 #6 音频生成完成: assets\audio\generated\project_11_shot_6.mp3
[2026-01-21 19:28:05] [INFO] [VideoGen] 正在生成分镜 #7 (index=7) 的语音: 现在，我依然努力，但不再看别人的刻度。...
[2026-01-21 19:28:06] [INFO] [VideoGen] 分镜 #7 音频生成完成: assets\audio\generated\project_11_shot_7.mp3
[2026-01-21 19:28:06] [INFO] [VideoGen] 正在生成分镜 #8 (index=8) 的语音: 因为真正的赛道，只在你的脚下。专注此刻，方向自会清晰。...
[2026-01-21 19:28:08] [INFO] [VideoGen] 分镜 #8 音频生成完成: assets\audio\generated\project_11_shot_8.mp3
[2026-01-21 19:28:08] [INFO] [VideoGen] 所有语音合成完成
[2026-01-21 19:28:08] [INFO] [VideoGen] 分辨率: (1920, 1080)
[2026-01-21 19:28:08] [INFO] [VideoGen] 开始创建视频: outputs\project_11.mp4
[2026-01-21 19:28:08] [INFO] [VideoGen] 参数: fps=24, resolution=(1920, 1080), test_mode=False, test_duration=10.0
[2026-01-21 19:28:08] [DEBUG] [VideoGen] 脚本数量: 8, 图片数量: 8, 音频数量: 8
[2026-01-21 19:28:08] [INFO] [VideoGen] 从音频文件获取场景时长...
[2026-01-21 19:28:09] [INFO] [VideoGen] 场景时长: [4.28, 5.26, 5.9, 4.1, 5.44, 2.77, 4.28, 6.26]
[2026-01-21 19:28:11] [INFO] [VideoGen] 创建了 8 个视频片段
[2026-01-21 19:28:11] [INFO] [VideoGen] 拼接音频片段...
[2026-01-21 19:28:12] [INFO] [VideoGen] 添加背景音乐...
[2026-01-21 19:28:12] [INFO] [VideoGen] 背景音乐添加成功
[2026-01-21 19:28:12] [INFO] [VideoGen] 开始写入视频文件: outputs\project_11.mp4
[2026-01-21 19:28:12] [INFO] [VideoGen] 视频总时长: 37.79 秒
[2026-01-21 19:31:27] [INFO] [VideoGen] 视频写入完成: outputs\project_11.mp4
[2026-01-21 19:31:27] [INFO] [VideoGen] 项目 #11 渲染完成!
[2026-01-21 19:31:27] [INFO] [VideoGen] 项目渲染完成! 音频: None, 视频: outputs\project_11.mp4
[2026-01-21 19:31:27] [INFO] [VideoGen] ==================================================
